// Jest Snapshot v1, https://goo.gl/fbAQLP

exports[`snapshots test App Render App for bad loading 1`] = `
Array [
  <div
    id="notification-wrapper"
  />,
  "",
  "что то пошло не так",
]
`;

exports[`snapshots test App Render App for good loading 1`] = `
Array [
  <div
    id="notification-wrapper"
  />,
  "",
  "что то пошло не так",
]
`;
